
sever@LAPTOP-RH1CP5OM MINGW64 ~
$ cd wild-git

sever@LAPTOP-RH1CP5OM MINGW64 ~/wild-git
$ git init
Initialized empty Git repository in C:/Users/sever/wild-git/.git/

sever@LAPTOP-RH1CP5OM MINGW64 ~/wild-git (master)
$ touch wild.html

sever@LAPTOP-RH1CP5OM MINGW64 ~/wild-git (master)
$ git add
Nothing specified, nothing added.
hint: Maybe you wanted to say 'git add .'?
hint: Turn this message off by running
hint: "git config advice.addEmptyPathspec false"

sever@LAPTOP-RH1CP5OM MINGW64 ~/wild-git (master)
$ ~/wild-git/wild.html

sever@LAPTOP-RH1CP5OM MINGW64 ~/wild-git (master)
$ wild.html git add
bash: wild.html: command not found

sever@LAPTOP-RH1CP5OM MINGW64 ~/wild-git (master)
$ git add wild.html

sever@LAPTOP-RH1CP5OM MINGW64 ~/wild-git (master)
$ git commit "At Wild Code School, we code without shoes."
error: pathspec 'At Wild Code School, we code without shoes.' did not match any file(s) known to git

sever@LAPTOP-RH1CP5OM MINGW64 ~/wild-git (master)
$ git commit At Wild Code School, we code without shoes
error: pathspec 'At' did not match any file(s) known to git
error: pathspec 'Wild' did not match any file(s) known to git
error: pathspec 'Code' did not match any file(s) known to git
error: pathspec 'School,' did not match any file(s) known to git
error: pathspec 'we' did not match any file(s) known to git
error: pathspec 'code' did not match any file(s) known to git
error: pathspec 'without' did not match any file(s) known to git
error: pathspec 'shoes' did not match any file(s) known to git

sever@LAPTOP-RH1CP5OM MINGW64 ~/wild-git (master)
$ git commit --At Wild Code School, we code without shoes
error: unknown option `At'
usage: git commit [<options>] [--] <pathspec>...

    -q, --quiet           suppress summary after successful commit
    -v, --verbose         show diff in commit message template

Commit message options
    -F, --file <file>     read message from file
    --author <author>     override author for commit
    --date <date>         override date for commit
    -m, --message <message>
                          commit message
    -c, --reedit-message <commit>
                          reuse and edit message from specified commit
    -C, --reuse-message <commit>
                          reuse message from specified commit
    --fixup [(amend|reword):]commit
                          use autosquash formatted message to fixup or amend/reword specified commit
    --squash <commit>     use autosquash formatted message to squash specified commit
    --reset-author        the commit is authored by me now (used with -C/-c/--amend)
    --trailer <trailer>   add custom trailer(s)
    -s, --signoff         add a Signed-off-by trailer
    -t, --template <file>
                          use specified template file
    -e, --edit            force edit of commit
    --cleanup <mode>      how to strip spaces and #comments from message
    --status              include status in commit message template
    -S, --gpg-sign[=<key-id>]
                          GPG sign commit

Aborting commit due to empty commit message.

sever@LAPTOP-RH1CP5OM MINGW64 ~/wild-git (master)
$ git commit --message"At Wild code Scholle, we code without shoes."
error: unknown option `messageAt Wild code Scholle, we code without shoes.'
usage: git commit [<options>] [--] <pathspec>...

    -q, --quiet           suppress summary after successful commit
    -v, --verbose         show diff in commit message template

Commit message options
    -F, --file <file>     read message from file
    --author <author>     override author for commit
    --date <date>         override date for commit
    -m, --message <message>
                          commit message
    -c, --reedit-message <commit>
                          reuse and edit message from specified commit
    -C, --reuse-message <commit>
                          reuse message from specified commit
    --fixup [(amend|reword):]commit
                          use autosquash formatted message to fixup or amend/reword specified commit
    --squash <commit>     use autosquash formatted message to squash specified commit
    --reset-author        the commit is authored by me now (used with -C/-c/--amend)
    --trailer <trailer>   add custom trailer(s)
    -s, --signoff         add a Signed-off-by trailer
    -t, --template <file>
                          use specified template file
    -e, --edit            force edit of commit
    --cleanup <mode>      how to strip spaces and #comments from message
    --status              include status in commit message template
    -S, --gpg-sign[=<key-id>]
                          GPG sign commit

Commit contents options
    -a, --all             commit all changed files
    -i, --include         add specified files to index for commit
    --interactive         interactively add files
    -p, --patch           interactively add changes
    -o, --only            commit only specified files
    -n, --no-verify       bypass pre-commit and commit-msg hooks
    --dry-run             show what would be committed
    --short               show status concisely
    --branch              show branch information
    --ahead-behind        compute full ahead/behind values
    --porcelain           machine-readable output
    --long                show status in long format (default)
    -z, --null            terminate entries with NUL
    --amend               amend previous commit
    --no-post-rewrite     bypass post-rewrite hook
    -u, --untracked-files[=<mode>]
                          show untracked files, optional modes: all, normal, no. (Default: all)
    --pathspec-from-file <file>
                          read pathspec from file
    --pathspec-file-nul   with --pathspec-from-file, pathspec elements are separated with NUL character


sever@LAPTOP-RH1CP5OM MINGW64 ~/wild-git (master)
$ git commit -message"At Wild code Scholle, we code without shoes."
[master (root-commit) e84562d] essageAt Wild code Scholle, we code without shoes.
 1 file changed, 0 insertions(+), 0 deletions(-)
 create mode 100644 wild.html

sever@LAPTOP-RH1CP5OM MINGW64 ~/wild-git (master)
$ git commit -message"At Wild code Schoul, we code without shoes."
On branch master
nothing to commit, working tree clean

sever@LAPTOP-RH1CP5OM MINGW64 ~/wild-git (master)
$ git log -p
commit e84562d970eb1bb047c9480028610760c2778496 (HEAD -> master)
Author: SeverineVil <severinevilleneuve@gmail.com>
Date:   Wed Mar 2 19:58:21 2022 +0100

    essageAt Wild code Scholle, we code without shoes.

diff --git a/wild.html b/wild.html
new file mode 100644
index 0000000..e69de29

sever@LAPTOP-RH1CP5OM MINGW64 ~/wild-git (master)
$
